// Jest Snapshot v1, https://goo.gl/fbAQLP

exports[`should render expense list item 1`] = `
<div>
  <p>
    <Link
      replace={false}
      to="/edit/undefined"
    >
      Description: 
    </Link>
  </p>
  <h3>
    Amount: 
    $0.00
  </h3>
  <p>
    CreatedAt: 
    January 1st, 1970
  </p>
</div>
`;
